// Jest Snapshot v1, https://goo.gl/fbAQLP

exports[`renders correctly 1`] = `
<div
  className="MuiPaper-root MuiPaper-elevation MuiPaper-rounded MuiPaper-elevation1 MuiCard-root css-mr8rz7-MuiPaper-root-MuiCard-root"
  onClick={[Function]}
>
  <div
    className="MuiBox-root css-j7qwjs"
  >
    <div
      className="MuiCardContent-root css-46bh2p-MuiCardContent-root"
    >
      <h5
        className="MuiTypography-root MuiTypography-h5 css-ag7rrr-MuiTypography-root"
      >
        Game for test
      </h5>
    </div>
    <div
      className="MuiBox-root css-10x12t9"
    >
      <div
        className="MuiChip-root MuiChip-filled MuiChip-sizeMedium MuiChip-colorDefault MuiChip-filledDefault css-gac2fo-MuiChip-root"
        onKeyDown={[Function]}
        onKeyUp={[Function]}
      >
        <span
          className="MuiChip-label MuiChip-labelMedium css-6od3lo-MuiChip-label"
        >
          tag1
        </span>
      </div>
      <div
        className="MuiChip-root MuiChip-filled MuiChip-sizeMedium MuiChip-colorDefault MuiChip-filledDefault css-gac2fo-MuiChip-root"
        onKeyDown={[Function]}
        onKeyUp={[Function]}
      >
        <span
          className="MuiChip-label MuiChip-labelMedium css-6od3lo-MuiChip-label"
        >
          tag2
        </span>
      </div>
      <div
        className="MuiChip-root MuiChip-filled MuiChip-sizeMedium MuiChip-colorDefault MuiChip-filledDefault css-gac2fo-MuiChip-root"
        onKeyDown={[Function]}
        onKeyUp={[Function]}
      >
        <span
          className="MuiChip-label MuiChip-labelMedium css-6od3lo-MuiChip-label"
        >
          tag3
        </span>
      </div>
    </div>
  </div>
  <img
    className="MuiCardMedia-root MuiCardMedia-media MuiCardMedia-img css-1fn6xi0-MuiCardMedia-root"
    src="https://cdn.akamai.steamstatic.com/steam/apps/246620/header.jpg?t=1663763693"
  />
</div>
`;
